./gradlew :  
At line:1 char:1
+ ./gradlew assembleDebug --info --stacktrace > build_error.log 2>&1
+ ~~~~~~~~~~~~~~~~~~~~~~~~~~~~~~~~~~~~~~~~~~~~~~~~~~~~~~~~~~~~~~~~~~
    + CategoryInfo          : NotSpecified: ( :String) [], RemoteException
    + FullyQualifiedErrorId : NativeCommandError
 
ERROR: JAVA_HOME is set to an invalid directory: C:\Program Files\Eclipse 
Adoptium\jdk-17.0.17.10-hotspot 
 
Please set the JAVA_HOME variable in your environment to match the 
location of your Java installation. 
